[    5389ms] [INFO] %cDownload the React DevTools for a better development experience: https://react.dev/link/react-devtools font-weight:bold @ http://127.0.0.1:4173/node_modules/.vite/deps/react-dom_client.js?v=0e51ed70:14336
[    8047ms] [ERROR] Failed to load resource: net::ERR_CONNECTION_REFUSED @ http://localhost:4010/api/auth/context:0
[    8303ms] [ERROR] Failed to load resource: net::ERR_CONNECTION_REFUSED @ http://localhost:4010/api/auth/context:0
[  105583ms] [INFO] %cDownload the React DevTools for a better development experience: https://react.dev/link/react-devtools font-weight:bold @ http://127.0.0.1:4173/node_modules/.vite/deps/react-dom_client.js?v=0e51ed70:14336
[  108191ms] [ERROR] Failed to load resource: net::ERR_CONNECTION_REFUSED @ http://localhost:4010/api/auth/context:0
[  108441ms] [ERROR] Failed to load resource: net::ERR_CONNECTION_REFUSED @ http://localhost:4010/api/auth/context:0
[  593251ms] [ERROR] Failed to load resource: net::ERR_CONNECTION_REFUSED @ http://localhost:4010/api/auth/context:0
[  821721ms] [ERROR] Failed to load resource: net::ERR_CONNECTION_REFUSED @ http://localhost:4010/api/auth/context:0
[  997538ms] [ERROR] Failed to load resource: net::ERR_CONNECTION_REFUSED @ http://localhost:4010/api/auth/context:0
[ 1004393ms] [ERROR] Failed to load resource: net::ERR_CONNECTION_REFUSED @ http://localhost:4010/api/auth/context:0
[ 1020633ms] [ERROR] Failed to load resource: net::ERR_CONNECTION_REFUSED @ http://localhost:4010/api/auth/context:0
[ 1109593ms] [ERROR] Failed to load resource: net::ERR_CONNECTION_REFUSED @ http://localhost:4010/api/auth/context:0
[ 1112175ms] [ERROR] Failed to load resource: net::ERR_CONNECTION_REFUSED @ http://localhost:4010/api/auth/context:0
[ 1147704ms] [ERROR] Failed to load resource: net::ERR_CONNECTION_REFUSED @ http://localhost:4010/api/auth/context:0
[ 1223922ms] [ERROR] Failed to load resource: net::ERR_CONNECTION_REFUSED @ http://localhost:4010/api/auth/context:0
[ 1285595ms] [ERROR] Failed to load resource: net::ERR_CONNECTION_REFUSED @ http://localhost:4010/api/auth/context:0
[ 1290581ms] [ERROR] Failed to load resource: net::ERR_CONNECTION_REFUSED @ http://localhost:4010/api/auth/context:0
[ 1385348ms] [ERROR] Failed to load resource: net::ERR_CONNECTION_REFUSED @ http://localhost:4010/api/auth/context:0
[ 1498847ms] [ERROR] Failed to load resource: net::ERR_CONNECTION_REFUSED @ http://localhost:4010/api/auth/context:0
[ 1517415ms] [ERROR] Failed to load resource: net::ERR_CONNECTION_REFUSED @ http://localhost:4010/api/auth/context:0
[ 1517662ms] [ERROR] Failed to load resource: net::ERR_CONNECTION_REFUSED @ http://localhost:4010/api/auth/context:0
[ 1520467ms] [ERROR] Failed to load resource: net::ERR_CONNECTION_REFUSED @ http://localhost:4010/api/auth/context:0
[ 1530898ms] [ERROR] Failed to load resource: net::ERR_CONNECTION_REFUSED @ http://localhost:4010/api/auth/context:0
[ 1561085ms] [ERROR] Failed to load resource: net::ERR_CONNECTION_REFUSED @ http://localhost:4010/api/auth/context:0
[ 1576732ms] [ERROR] Failed to load resource: net::ERR_CONNECTION_REFUSED @ http://localhost:4010/api/auth/context:0
[ 1586618ms] [ERROR] Failed to load resource: net::ERR_CONNECTION_REFUSED @ http://localhost:4010/api/auth/context:0
[ 1607674ms] [ERROR] Failed to load resource: net::ERR_CONNECTION_RESET @ http://localhost:4010/api/auth/context:0
[ 1654218ms] [ERROR] Failed to load resource: net::ERR_CONNECTION_REFUSED @ http://localhost:4010/api/auth/context:0
[ 1654899ms] [ERROR] Failed to load resource: net::ERR_CONNECTION_REFUSED @ http://localhost:4010/api/auth/context:0
[ 1657429ms] [ERROR] Failed to load resource: net::ERR_CONNECTION_REFUSED @ http://localhost:4010/api/auth/context:0
[ 1662688ms] [ERROR] Failed to load resource: net::ERR_CONNECTION_REFUSED @ http://localhost:4010/api/auth/context:0
[ 1662703ms] [ERROR] Failed to load resource: net::ERR_CONNECTION_REFUSED @ http://localhost:4010/api/auth/context:0
[ 1664703ms] [ERROR] Failed to load resource: net::ERR_CONNECTION_REFUSED @ http://localhost:4010/api/auth/context:0
[ 1664980ms] [ERROR] Failed to load resource: net::ERR_CONNECTION_REFUSED @ http://localhost:4010/api/auth/context:0
[ 1668923ms] [ERROR] Failed to load resource: net::ERR_CONNECTION_REFUSED @ http://localhost:4010/api/auth/context:0
[ 1668930ms] [ERROR] Failed to load resource: net::ERR_CONNECTION_REFUSED @ http://localhost:4010/api/auth/context:0
[ 1670605ms] [ERROR] Failed to load resource: net::ERR_CONNECTION_REFUSED @ http://localhost:4010/api/auth/context:0
[ 1670766ms] [ERROR] Failed to load resource: net::ERR_CONNECTION_REFUSED @ http://localhost:4010/api/auth/context:0
[ 1672293ms] [ERROR] Failed to load resource: net::ERR_CONNECTION_REFUSED @ http://localhost:4010/api/auth/context:0
[ 1672953ms] [ERROR] Failed to load resource: net::ERR_CONNECTION_REFUSED @ http://localhost:4010/api/auth/context:0
[ 1675475ms] [ERROR] Failed to load resource: net::ERR_CONNECTION_REFUSED @ http://localhost:4010/api/auth/context:0
[ 1675475ms] [ERROR] Failed to load resource: net::ERR_CONNECTION_REFUSED @ http://localhost:4010/api/auth/context:0
[ 1676508ms] [ERROR] Failed to load resource: net::ERR_CONNECTION_REFUSED @ http://localhost:4010/api/auth/context:0
[ 1679867ms] [ERROR] Failed to load resource: net::ERR_CONNECTION_REFUSED @ http://localhost:4010/api/auth/context:0
[ 1679871ms] [ERROR] Failed to load resource: net::ERR_CONNECTION_REFUSED @ http://localhost:4010/api/auth/context:0
[ 1682063ms] [ERROR] Failed to load resource: net::ERR_CONNECTION_REFUSED @ http://localhost:4010/api/auth/context:0
[ 1684230ms] [ERROR] Failed to load resource: net::ERR_CONNECTION_REFUSED @ http://localhost:4010/api/auth/context:0
[ 1684532ms] [ERROR] Failed to load resource: net::ERR_CONNECTION_REFUSED @ http://localhost:4010/api/auth/context:0
[ 1687042ms] [ERROR] Failed to load resource: net::ERR_CONNECTION_REFUSED @ http://localhost:4010/api/auth/context:0
[ 1687148ms] [ERROR] Failed to load resource: net::ERR_CONNECTION_REFUSED @ http://localhost:4010/api/auth/context:0
[ 1688982ms] [ERROR] Failed to load resource: net::ERR_CONNECTION_REFUSED @ http://localhost:4010/api/auth/context:0
[ 1689332ms] [ERROR] Failed to load resource: net::ERR_CONNECTION_REFUSED @ http://localhost:4010/api/auth/context:0
[ 1691100ms] [ERROR] Failed to load resource: net::ERR_CONNECTION_REFUSED @ http://localhost:4010/api/auth/context:0
[ 1692030ms] [ERROR] Failed to load resource: net::ERR_CONNECTION_REFUSED @ http://localhost:4010/api/auth/context:0
[ 1693469ms] [ERROR] Failed to load resource: net::ERR_CONNECTION_REFUSED @ http://localhost:4010/api/auth/context:0
[ 1693891ms] [ERROR] Failed to load resource: net::ERR_CONNECTION_REFUSED @ http://localhost:4010/api/auth/context:0
[ 1695890ms] [ERROR] Failed to load resource: net::ERR_CONNECTION_REFUSED @ http://localhost:4010/api/auth/context:0
[ 1696367ms] [ERROR] Failed to load resource: net::ERR_CONNECTION_REFUSED @ http://localhost:4010/api/auth/context:0
[ 1700253ms] [ERROR] Failed to load resource: net::ERR_CONNECTION_REFUSED @ http://localhost:4010/api/auth/context:0
[ 1700253ms] [ERROR] Failed to load resource: net::ERR_CONNECTION_REFUSED @ http://localhost:4010/api/auth/context:0
[ 1700876ms] [ERROR] Failed to load resource: net::ERR_CONNECTION_REFUSED @ http://localhost:4010/api/auth/context:0
[ 1701080ms] [ERROR] Failed to load resource: net::ERR_CONNECTION_REFUSED @ http://localhost:4010/api/auth/context:0
[ 1704209ms] [ERROR] Failed to load resource: net::ERR_CONNECTION_REFUSED @ http://localhost:4010/api/auth/context:0
[ 1704210ms] [ERROR] Failed to load resource: net::ERR_CONNECTION_REFUSED @ http://localhost:4010/api/auth/context:0
[ 1706861ms] [ERROR] Failed to load resource: net::ERR_CONNECTION_REFUSED @ http://localhost:4010/api/auth/context:0
[ 1706861ms] [ERROR] Failed to load resource: net::ERR_CONNECTION_REFUSED @ http://localhost:4010/api/auth/context:0
[ 1709756ms] [ERROR] Failed to load resource: net::ERR_CONNECTION_REFUSED @ http://localhost:4010/api/auth/context:0
[ 1709758ms] [ERROR] Failed to load resource: net::ERR_CONNECTION_REFUSED @ http://localhost:4010/api/auth/context:0
[ 1712271ms] [ERROR] Failed to load resource: net::ERR_CONNECTION_REFUSED @ http://localhost:4010/api/auth/context:0
[ 1714754ms] [ERROR] Failed to load resource: net::ERR_CONNECTION_REFUSED @ http://localhost:4010/api/auth/context:0
[ 1714754ms] [ERROR] Failed to load resource: net::ERR_CONNECTION_REFUSED @ http://localhost:4010/api/auth/context:0
[ 1714754ms] [ERROR] Failed to load resource: net::ERR_CONNECTION_REFUSED @ http://localhost:4010/api/auth/context:0
[ 1717353ms] [ERROR] Failed to load resource: net::ERR_CONNECTION_REFUSED @ http://localhost:4010/api/auth/context:0
[ 1719872ms] [ERROR] Failed to load resource: net::ERR_CONNECTION_REFUSED @ http://localhost:4010/api/auth/context:0
[ 1719872ms] [ERROR] Failed to load resource: net::ERR_CONNECTION_REFUSED @ http://localhost:4010/api/auth/context:0
[ 1722269ms] [ERROR] Failed to load resource: net::ERR_CONNECTION_REFUSED @ http://localhost:4010/api/auth/context:0
[ 1722269ms] [ERROR] Failed to load resource: net::ERR_CONNECTION_REFUSED @ http://localhost:4010/api/auth/context:0
[ 1722270ms] [ERROR] Failed to load resource: net::ERR_CONNECTION_REFUSED @ http://localhost:4010/api/auth/context:0
[ 1741505ms] [ERROR] Failed to load resource: net::ERR_CONNECTION_REFUSED @ http://localhost:4010/api/auth/context:0
[ 1759990ms] [ERROR] Failed to load resource: net::ERR_CONNECTION_REFUSED @ http://localhost:4010/api/auth/context:0
[ 1760222ms] [ERROR] Failed to load resource: net::ERR_CONNECTION_REFUSED @ http://localhost:4010/api/auth/context:0
[ 1761887ms] [ERROR] Failed to load resource: net::ERR_CONNECTION_REFUSED @ http://localhost:4010/api/auth/context:0
[ 1766023ms] [ERROR] Failed to load resource: net::ERR_CONNECTION_REFUSED @ http://localhost:4010/api/auth/context:0
[ 1773341ms] [ERROR] Failed to load resource: net::ERR_CONNECTION_REFUSED @ http://localhost:4010/api/auth/context:0
[ 1773341ms] [ERROR] Failed to load resource: net::ERR_CONNECTION_REFUSED @ http://localhost:4010/api/auth/context:0
[ 1849926ms] [ERROR] Failed to load resource: net::ERR_CONNECTION_REFUSED @ http://localhost:4010/api/auth/context:0
[ 1856960ms] [ERROR] Failed to load resource: net::ERR_CONNECTION_REFUSED @ http://localhost:4010/api/auth/context:0
[ 1877035ms] [ERROR] Failed to load resource: net::ERR_CONNECTION_REFUSED @ http://localhost:4010/api/auth/context:0
[ 1882079ms] [ERROR] Failed to load resource: net::ERR_CONNECTION_REFUSED @ http://localhost:4010/api/auth/context:0
[ 1897576ms] [ERROR] Failed to load resource: net::ERR_CONNECTION_REFUSED @ http://localhost:4010/api/auth/context:0
[ 1919590ms] [ERROR] Failed to load resource: net::ERR_CONNECTION_REFUSED @ http://localhost:4010/api/auth/context:0
[ 1960100ms] [ERROR] Failed to load resource: net::ERR_CONNECTION_REFUSED @ http://localhost:4010/api/auth/context:0
[ 1960325ms] [ERROR] Failed to load resource: net::ERR_CONNECTION_REFUSED @ http://localhost:4010/api/auth/context:0
[ 2014425ms] [ERROR] Failed to load resource: net::ERR_CONNECTION_REFUSED @ http://localhost:4010/api/auth/context:0
[ 2050365ms] [ERROR] Failed to load resource: net::ERR_CONNECTION_REFUSED @ http://localhost:4010/api/auth/context:0
[ 2081714ms] [ERROR] Failed to load resource: net::ERR_CONNECTION_REFUSED @ http://localhost:4010/api/auth/context:0
[ 2089724ms] [ERROR] Failed to load resource: net::ERR_CONNECTION_REFUSED @ http://localhost:4010/api/auth/context:0
[ 2095845ms] [ERROR] Failed to load resource: net::ERR_CONNECTION_REFUSED @ http://localhost:4010/api/auth/context:0
[ 2095846ms] [ERROR] Failed to load resource: net::ERR_CONNECTION_REFUSED @ http://localhost:4010/api/auth/context:0
[ 2095846ms] [ERROR] Failed to load resource: net::ERR_CONNECTION_REFUSED @ http://localhost:4010/api/auth/context:0
[ 2105718ms] [ERROR] Failed to load resource: net::ERR_CONNECTION_REFUSED @ http://localhost:4010/api/auth/context:0
[ 2739331ms] [ERROR] Failed to load resource: net::ERR_CONNECTION_REFUSED @ http://localhost:4010/api/auth/context:0
[ 2741665ms] [ERROR] Failed to load resource: net::ERR_CONNECTION_REFUSED @ http://localhost:4010/api/auth/context:0
[ 2746011ms] [ERROR] Failed to load resource: net::ERR_CONNECTION_REFUSED @ http://localhost:4010/api/auth/context:0
[ 2748497ms] [ERROR] Failed to load resource: net::ERR_CONNECTION_REFUSED @ http://localhost:4010/api/auth/context:0
[ 2750789ms] [ERROR] Failed to load resource: net::ERR_CONNECTION_REFUSED @ http://localhost:4010/api/auth/context:0
[ 2753132ms] [ERROR] Failed to load resource: net::ERR_CONNECTION_REFUSED @ http://localhost:4010/api/auth/context:0
[ 2755503ms] [ERROR] Failed to load resource: net::ERR_CONNECTION_REFUSED @ http://localhost:4010/api/auth/context:0
[ 2760001ms] [ERROR] Failed to load resource: net::ERR_CONNECTION_REFUSED @ http://localhost:4010/api/auth/context:0
[ 2858537ms] [ERROR] Failed to load resource: net::ERR_CONNECTION_REFUSED @ http://localhost:4010/api/auth/context:0
[ 2862883ms] [ERROR] Failed to load resource: net::ERR_CONNECTION_REFUSED @ http://localhost:4010/api/auth/context:0
[ 2865146ms] [ERROR] Failed to load resource: net::ERR_CONNECTION_REFUSED @ http://localhost:4010/api/auth/context:0
[ 2867742ms] [ERROR] Failed to load resource: net::ERR_CONNECTION_REFUSED @ http://localhost:4010/api/auth/context:0
[ 2872198ms] [ERROR] Failed to load resource: net::ERR_CONNECTION_REFUSED @ http://localhost:4010/api/auth/context:0
[ 2872418ms] [ERROR] Failed to load resource: net::ERR_CONNECTION_REFUSED @ http://localhost:4010/api/auth/context:0
[ 2874778ms] [ERROR] Failed to load resource: net::ERR_CONNECTION_REFUSED @ http://localhost:4010/api/auth/context:0
[ 2876923ms] [ERROR] Failed to load resource: net::ERR_CONNECTION_REFUSED @ http://localhost:4010/api/auth/context:0
[ 2877106ms] [ERROR] Failed to load resource: net::ERR_CONNECTION_REFUSED @ http://localhost:4010/api/auth/context:0
[ 2934402ms] [ERROR] Failed to load resource: net::ERR_CONNECTION_REFUSED @ http://localhost:4010/api/auth/context:0
[ 2936752ms] [ERROR] Failed to load resource: net::ERR_CONNECTION_REFUSED @ http://localhost:4010/api/auth/context:0
[ 2939094ms] [ERROR] Failed to load resource: net::ERR_CONNECTION_REFUSED @ http://localhost:4010/api/auth/context:0
[ 2941170ms] [ERROR] Failed to load resource: net::ERR_CONNECTION_REFUSED @ http://localhost:4010/api/auth/context:0
[ 2943774ms] [ERROR] Failed to load resource: net::ERR_CONNECTION_REFUSED @ http://localhost:4010/api/auth/context:0
[ 2950531ms] [ERROR] Failed to load resource: net::ERR_CONNECTION_REFUSED @ http://localhost:4010/api/auth/context:0
[ 2950531ms] [ERROR] Failed to load resource: net::ERR_CONNECTION_REFUSED @ http://localhost:4010/api/auth/context:0
[ 2950850ms] [ERROR] Failed to load resource: net::ERR_CONNECTION_REFUSED @ http://localhost:4010/api/auth/context:0
[ 3661325ms] [ERROR] Failed to load resource: net::ERR_CONNECTION_REFUSED @ http://localhost:4010/api/auth/context:0
[ 3709295ms] [ERROR] Failed to load resource: net::ERR_CONNECTION_REFUSED @ http://localhost:4010/api/auth/context:0
[ 3740728ms] [ERROR] Failed to load resource: net::ERR_CONNECTION_REFUSED @ http://localhost:4010/api/auth/context:0
[ 4456202ms] [INFO] %cDownload the React DevTools for a better development experience: https://react.dev/link/react-devtools font-weight:bold @ http://127.0.0.1:4173/node_modules/.vite/deps/react-dom_client.js?v=0e51ed70:14336
[ 5480718ms] [ERROR] Failed to load resource: net::ERR_CONNECTION_REFUSED @ http://localhost:4010/api/auth/context:0
[ 5492865ms] [ERROR] Failed to load resource: net::ERR_CONNECTION_REFUSED @ http://localhost:4010/api/auth/context:0
[ 5492940ms] [ERROR] Failed to load resource: net::ERR_CONNECTION_REFUSED @ http://localhost:4010/api/auth/context:0
[ 5497756ms] [ERROR] Failed to load resource: net::ERR_CONNECTION_REFUSED @ http://localhost:4010/api/auth/context:0
[ 5499701ms] [ERROR] Failed to load resource: net::ERR_CONNECTION_REFUSED @ http://localhost:4010/api/auth/context:0
[ 5505942ms] [ERROR] Failed to load resource: net::ERR_CONNECTION_REFUSED @ http://localhost:4010/api/auth/context:0
[ 5505942ms] [ERROR] Failed to load resource: net::ERR_CONNECTION_REFUSED @ http://localhost:4010/api/auth/context:0
[ 5506956ms] [ERROR] Failed to load resource: net::ERR_CONNECTION_REFUSED @ http://localhost:4010/api/auth/context:0
[ 5695883ms] [ERROR] Failed to load resource: net::ERR_CONNECTION_REFUSED @ http://localhost:4010/api/auth/context:0
