[    4870ms] [INFO] %cDownload the React DevTools for a better development experience: https://react.dev/link/react-devtools font-weight:bold @ http://127.0.0.1:4173/node_modules/.vite/deps/react-dom_client.js?v=0e51ed70:14336
[  108435ms] [ERROR] Failed to load resource: net::ERR_CONNECTION_REFUSED @ http://localhost:4010/api/auth/context:0
[  110928ms] [ERROR] Failed to load resource: net::ERR_CONNECTION_REFUSED @ http://localhost:4010/api/auth/context:0
[  645102ms] [ERROR] Failed to load resource: net::ERR_CONNECTION_REFUSED @ http://localhost:4010/api/auth/context:0
[  645344ms] [ERROR] Failed to load resource: net::ERR_CONNECTION_REFUSED @ http://localhost:4010/api/auth/context:0
[  647444ms] [ERROR] Failed to load resource: net::ERR_CONNECTION_REFUSED @ http://localhost:4010/api/auth/context:0
[  654632ms] [ERROR] Failed to load resource: net::ERR_CONNECTION_REFUSED @ http://localhost:4010/api/auth/context:0
[  654908ms] [ERROR] Failed to load resource: net::ERR_CONNECTION_REFUSED @ http://localhost:4010/api/auth/context:0
[  656976ms] [ERROR] Failed to load resource: net::ERR_CONNECTION_REFUSED @ http://localhost:4010/api/auth/context:0
[  657256ms] [ERROR] Failed to load resource: net::ERR_CONNECTION_REFUSED @ http://localhost:4010/api/auth/context:0
[  659308ms] [ERROR] Failed to load resource: net::ERR_CONNECTION_REFUSED @ http://localhost:4010/api/auth/context:0
[  659644ms] [ERROR] Failed to load resource: net::ERR_CONNECTION_REFUSED @ http://localhost:4010/api/auth/context:0
[  667561ms] [ERROR] Failed to load resource: net::ERR_CONNECTION_REFUSED @ http://localhost:4010/api/auth/context:0
[  667815ms] [ERROR] Failed to load resource: net::ERR_CONNECTION_REFUSED @ http://localhost:4010/api/auth/context:0
[  669892ms] [ERROR] Failed to load resource: net::ERR_CONNECTION_REFUSED @ http://localhost:4010/api/auth/context:0
[  818464ms] [ERROR] Failed to load resource: net::ERR_CONNECTION_REFUSED @ http://localhost:4010/api/auth/context:0
[  849902ms] [ERROR] Failed to load resource: net::ERR_CONNECTION_REFUSED @ http://localhost:4010/api/auth/context:0
[  855301ms] [ERROR] Failed to load resource: net::ERR_CONNECTION_REFUSED @ http://localhost:4010/api/auth/context:0
[  859026ms] [ERROR] Failed to load resource: net::ERR_CONNECTION_REFUSED @ http://localhost:4010/api/auth/context:0
[  871931ms] [ERROR] Failed to load resource: net::ERR_CONNECTION_REFUSED @ http://localhost:4010/api/auth/context:0
[  874679ms] [ERROR] Failed to load resource: net::ERR_CONNECTION_REFUSED @ http://localhost:4010/api/auth/context:0
[  881678ms] [ERROR] Failed to load resource: net::ERR_CONNECTION_REFUSED @ http://localhost:4010/api/auth/context:0
[  886977ms] [ERROR] Failed to load resource: net::ERR_CONNECTION_REFUSED @ http://localhost:4010/api/auth/context:0
[  886978ms] [ERROR] Failed to load resource: net::ERR_CONNECTION_REFUSED @ http://localhost:4010/api/auth/context:0
[  886993ms] [ERROR] Failed to load resource: net::ERR_CONNECTION_REFUSED @ http://localhost:4010/api/auth/context:0
[  889471ms] [ERROR] Failed to load resource: net::ERR_CONNECTION_REFUSED @ http://localhost:4010/api/auth/context:0
[  921044ms] [ERROR] Failed to load resource: net::ERR_CONNECTION_REFUSED @ http://localhost:4010/api/auth/context:0
[  952149ms] [ERROR] Failed to load resource: net::ERR_CONNECTION_REFUSED @ http://localhost:4010/api/auth/context:0
[ 1019912ms] [ERROR] Failed to load resource: net::ERR_CONNECTION_REFUSED @ http://localhost:4010/api/auth/context:0
[ 1059548ms] [ERROR] Failed to load resource: net::ERR_CONNECTION_REFUSED @ http://localhost:4010/api/auth/context:0
[ 1063960ms] [ERROR] Failed to load resource: net::ERR_CONNECTION_REFUSED @ http://localhost:4010/api/auth/context:0
[ 1070783ms] [ERROR] Failed to load resource: net::ERR_CONNECTION_REFUSED @ http://localhost:4010/api/auth/context:0
[ 1070784ms] [ERROR] Failed to load resource: net::ERR_CONNECTION_REFUSED @ http://localhost:4010/api/auth/context:0
[ 1253790ms] [ERROR] Failed to load resource: net::ERR_CONNECTION_REFUSED @ http://localhost:4010/api/auth/context:0
[ 1338001ms] [ERROR] Failed to load resource: net::ERR_CONNECTION_REFUSED @ http://localhost:4010/api/auth/context:0
[ 1355260ms] [ERROR] Failed to load resource: net::ERR_CONNECTION_REFUSED @ http://localhost:4010/api/auth/context:0
[ 1359678ms] [ERROR] Failed to load resource: net::ERR_CONNECTION_REFUSED @ http://localhost:4010/api/auth/context:0
[ 1359679ms] [ERROR] Failed to load resource: net::ERR_CONNECTION_REFUSED @ http://localhost:4010/api/auth/context:0
[ 1377472ms] [ERROR] Failed to load resource: net::ERR_CONNECTION_REFUSED @ http://localhost:4010/api/auth/context:0
[ 1379625ms] [ERROR] Failed to load resource: net::ERR_CONNECTION_REFUSED @ http://localhost:4010/api/auth/context:0
[ 1381836ms] [ERROR] Failed to load resource: net::ERR_CONNECTION_REFUSED @ http://localhost:4010/api/auth/context:0
[ 1385181ms] [ERROR] Failed to load resource: net::ERR_CONNECTION_REFUSED @ http://localhost:4010/api/auth/context:0
[ 1385369ms] [ERROR] Failed to load resource: net::ERR_CONNECTION_REFUSED @ http://localhost:4010/api/auth/context:0
[ 1387375ms] [ERROR] Failed to load resource: net::ERR_CONNECTION_REFUSED @ http://localhost:4010/api/auth/context:0
[ 2036775ms] [ERROR] Failed to load resource: net::ERR_CONNECTION_REFUSED @ http://localhost:4010/api/auth/context:0
[ 2039233ms] [ERROR] Failed to load resource: net::ERR_CONNECTION_REFUSED @ http://localhost:4010/api/auth/context:0
[ 2041487ms] [ERROR] Failed to load resource: net::ERR_CONNECTION_REFUSED @ http://localhost:4010/api/auth/context:0
[ 2041966ms] [ERROR] Failed to load resource: net::ERR_CONNECTION_REFUSED @ http://localhost:4010/api/auth/context:0
[ 2044147ms] [ERROR] Failed to load resource: net::ERR_CONNECTION_REFUSED @ http://localhost:4010/api/auth/context:0
[ 2046151ms] [ERROR] Failed to load resource: net::ERR_CONNECTION_REFUSED @ http://localhost:4010/api/auth/context:0
[ 2048476ms] [ERROR] Failed to load resource: net::ERR_CONNECTION_REFUSED @ http://localhost:4010/api/auth/context:0
[ 2050805ms] [ERROR] Failed to load resource: net::ERR_CONNECTION_REFUSED @ http://localhost:4010/api/auth/context:0
[ 2053181ms] [ERROR] Failed to load resource: net::ERR_CONNECTION_REFUSED @ http://localhost:4010/api/auth/context:0
[ 2055598ms] [ERROR] Failed to load resource: net::ERR_CONNECTION_REFUSED @ http://localhost:4010/api/auth/context:0
[ 2056158ms] [ERROR] Failed to load resource: net::ERR_CONNECTION_REFUSED @ http://localhost:4010/api/auth/context:0
[ 2058146ms] [ERROR] Failed to load resource: net::ERR_CONNECTION_REFUSED @ http://localhost:4010/api/auth/context:0
[ 2156170ms] [ERROR] Failed to load resource: net::ERR_CONNECTION_REFUSED @ http://localhost:4010/api/auth/context:0
[ 2158527ms] [ERROR] Failed to load resource: net::ERR_CONNECTION_REFUSED @ http://localhost:4010/api/auth/context:0
[ 2158679ms] [ERROR] Failed to load resource: net::ERR_CONNECTION_REFUSED @ http://localhost:4010/api/auth/context:0
[ 2161115ms] [ERROR] Failed to load resource: net::ERR_CONNECTION_REFUSED @ http://localhost:4010/api/auth/context:0
[ 2163346ms] [ERROR] Failed to load resource: net::ERR_CONNECTION_REFUSED @ http://localhost:4010/api/auth/context:0
[ 2165420ms] [ERROR] Failed to load resource: net::ERR_CONNECTION_REFUSED @ http://localhost:4010/api/auth/context:0
[ 2167791ms] [ERROR] Failed to load resource: net::ERR_CONNECTION_REFUSED @ http://localhost:4010/api/auth/context:0
[ 2168017ms] [ERROR] Failed to load resource: net::ERR_CONNECTION_REFUSED @ http://localhost:4010/api/auth/context:0
[ 2172522ms] [ERROR] Failed to load resource: net::ERR_CONNECTION_REFUSED @ http://localhost:4010/api/auth/context:0
[ 2232082ms] [ERROR] Failed to load resource: net::ERR_CONNECTION_REFUSED @ http://localhost:4010/api/auth/context:0
[ 2234418ms] [ERROR] Failed to load resource: net::ERR_CONNECTION_REFUSED @ http://localhost:4010/api/auth/context:0
[ 2236757ms] [ERROR] Failed to load resource: net::ERR_CONNECTION_REFUSED @ http://localhost:4010/api/auth/context:0
[ 2239376ms] [ERROR] Failed to load resource: net::ERR_CONNECTION_REFUSED @ http://localhost:4010/api/auth/context:0
[ 2241452ms] [ERROR] Failed to load resource: net::ERR_CONNECTION_REFUSED @ http://localhost:4010/api/auth/context:0
[ 2248774ms] [ERROR] Failed to load resource: net::ERR_CONNECTION_REFUSED @ http://localhost:4010/api/auth/context:0
[ 2248774ms] [ERROR] Failed to load resource: net::ERR_CONNECTION_REFUSED @ http://localhost:4010/api/auth/context:0
[ 2249019ms] [ERROR] Failed to load resource: net::ERR_CONNECTION_REFUSED @ http://localhost:4010/api/auth/context:0
[ 3022285ms] [ERROR] Failed to load resource: net::ERR_CONNECTION_REFUSED @ http://localhost:4010/api/auth/context:0
[ 3033539ms] [ERROR] Failed to load resource: net::ERR_CONNECTION_REFUSED @ http://localhost:4010/api/auth/context:0
[ 3043510ms] [ERROR] Failed to load resource: net::ERR_CONNECTION_REFUSED @ http://localhost:4010/api/auth/context:0
[ 3754435ms] [INFO] %cDownload the React DevTools for a better development experience: https://react.dev/link/react-devtools font-weight:bold @ http://127.0.0.1:4173/node_modules/.vite/deps/react-dom_client.js?v=0e51ed70:14336
[ 4793147ms] [ERROR] Failed to load resource: net::ERR_CONNECTION_REFUSED @ http://localhost:4010/api/auth/context:0
[ 4793448ms] [ERROR] Failed to load resource: net::ERR_CONNECTION_REFUSED @ http://localhost:4010/api/auth/context:0
[ 4795553ms] [ERROR] Failed to load resource: net::ERR_CONNECTION_REFUSED @ http://localhost:4010/api/auth/context:0
[ 4797915ms] [ERROR] Failed to load resource: net::ERR_CONNECTION_REFUSED @ http://localhost:4010/api/auth/context:0
[ 4803861ms] [ERROR] Failed to load resource: net::ERR_CONNECTION_REFUSED @ http://localhost:4010/api/auth/context:0
[ 4803862ms] [ERROR] Failed to load resource: net::ERR_CONNECTION_REFUSED @ http://localhost:4010/api/auth/context:0
[ 4804665ms] [ERROR] Failed to load resource: net::ERR_CONNECTION_REFUSED @ http://localhost:4010/api/auth/context:0
[ 4807004ms] [ERROR] Failed to load resource: net::ERR_CONNECTION_REFUSED @ http://localhost:4010/api/auth/context:0
[ 4807268ms] [ERROR] Failed to load resource: net::ERR_CONNECTION_REFUSED @ http://localhost:4010/api/auth/context:0
[ 4993725ms] [ERROR] Failed to load resource: net::ERR_CONNECTION_REFUSED @ http://localhost:4010/api/auth/context:0
[ 5002317ms] [ERROR] Failed to load resource: net::ERR_CONNECTION_REFUSED @ http://localhost:4010/api/auth/context:0
[ 5002381ms] [ERROR] Failed to load resource: net::ERR_CONNECTION_REFUSED @ http://localhost:4010/api/auth/context:0
[ 5005149ms] [ERROR] Failed to load resource: net::ERR_CONNECTION_REFUSED @ http://localhost:4010/api/auth/context:0
[ 5432807ms] [ERROR] WebSocket connection to 'ws://127.0.0.1:4173/?token=y2jPT_lmhdf-' failed:  @ http://127.0.0.1:4173/@vite/client:840
[ 5432808ms] [LOG] [vite] server connection lost. Polling for restart... @ http://127.0.0.1:4173/@vite/client:968
